2026-09-23T08:49:04: [Realtime] Socket.IO connection error: xhr poll error
2026-09-23T08:49:06: [Realtime] Socket.IO connection error: xhr poll error
2026-09-23T08:49:12: [Realtime] Socket.IO connection error: xhr poll error
2026-09-23T08:56:32: [Realtime] Socket.IO disconnected: transport close
2026-09-23T08:56:33: [Realtime] Socket.IO connection error: xhr poll error
2026-09-23T08:56:35: [Realtime] Socket.IO connection error: xhr poll error
2026-09-23T08:56:38: [Realtime] Socket.IO connection error: xhr poll error
2026-09-23T08:56:45: [Realtime] Socket.IO connection error: xhr poll error
2026-09-23T08:56:55: [Realtime] Socket.IO connection error: xhr poll error
2026-09-23T08:57:06: [Realtime] Socket.IO connection error: xhr poll error
2026-09-23T08:58:01: [Realtime] Socket.IO disconnected: transport close
2026-09-23T08:58:03: [Realtime] Socket.IO connection error: xhr poll error
2026-09-23T08:58:06: [Realtime] Socket.IO connection error: xhr poll error
2026-09-23T08:58:09: [Realtime] Socket.IO connection error: xhr poll error
2026-09-23T08:58:18: [Realtime] Socket.IO connection error: xhr poll error
2026-09-23T08:58:28: [Realtime] Socket.IO connection error: xhr poll error
2026-09-23T09:03:53: [Realtime] Socket.IO disconnected: transport close
2026-09-23T09:03:55: [Realtime] Socket.IO connection error: xhr poll error
2026-09-23T09:03:57: [Realtime] Socket.IO connection error: xhr poll error
2026-09-23T09:10:23: [Realtime] Socket.IO disconnected: transport close
2026-09-23T09:10:25: [Realtime] Socket.IO connection error: xhr poll error
2026-09-23T09:10:28: [Realtime] Socket.IO connection error: xhr poll error
2026-09-23T09:12:15: [Realtime] Socket.IO disconnected: transport close
2026-09-23T09:12:17: [Realtime] Socket.IO connection error: xhr poll error
2026-09-23T09:12:20: [Realtime] Socket.IO connection error: xhr poll error
2026-09-23T09:12:23: [Realtime] Socket.IO connection error: xhr poll error
2026-09-23T09:12:30: [Realtime] Socket.IO connection error: xhr poll error
2026-09-23T09:12:40: [Realtime] Socket.IO connection error: xhr poll error
2026-09-23T09:25:51: [Realtime] Socket.IO disconnected: transport close
2026-09-23T09:25:52: [Realtime] Socket.IO connection error: xhr poll error
2026-09-23T09:25:54: [Realtime] Socket.IO connection error: xhr poll error
2026-09-23T09:30:51: [Realtime] Socket.IO disconnected: transport close
2026-09-23T09:30:53: [Realtime] Socket.IO connection error: xhr poll error
2026-09-23T09:30:56: [Realtime] Socket.IO connection error: xhr poll error
2026-09-23T09:31:36: [Realtime] Socket.IO disconnected: transport close
2026-09-23T09:31:38: [Realtime] Socket.IO connection error: xhr poll error
2026-09-23T09:31:40: [Realtime] Socket.IO connection error: xhr poll error
2026-09-23T09:32:20: [Realtime] Socket.IO disconnected: transport close
2026-09-23T09:32:21: [Realtime] Socket.IO connection error: xhr poll error
2026-09-23T09:32:24: [Realtime] Socket.IO connection error: xhr poll error
2026-09-23T09:32:29: [Realtime] Socket.IO connection error: xhr poll error
2026-09-23T09:32:37: [Realtime] Socket.IO connection error: xhr poll error
2026-09-23T09:36:55: [Realtime] Socket.IO disconnected: transport close
2026-09-23T09:36:56: [Realtime] Socket.IO connection error: xhr poll error
2026-09-23T09:37:00: [Realtime] Socket.IO connection error: xhr poll error
2026-09-23T09:37:05: [Realtime] Socket.IO connection error: xhr poll error
2026-09-23T09:37:14: [Realtime] Socket.IO connection error: xhr poll error
2026-09-23T09:37:23: [Realtime] Socket.IO connection error: xhr poll error
2026-09-23T09:53:07: [Realtime] Socket.IO disconnected: transport close
2026-09-23T09:53:09: [Realtime] Socket.IO connection error: xhr poll error
2026-09-23T09:53:10: [Realtime] Socket.IO connection error: xhr poll error
2026-09-23T09:53:14: [Realtime] Socket.IO connection error: xhr poll error
2026-09-23T09:53:25: [Realtime] Socket.IO connection error: xhr poll error
2026-09-23T10:04:15: [Realtime] Socket.IO disconnected: transport close
2026-09-23T10:04:17: [Realtime] Socket.IO connection error: xhr poll error
2026-09-23T10:04:18: [Realtime] Socket.IO connection error: xhr poll error
2026-09-23T10:04:22: [Realtime] Socket.IO connection error: xhr poll error
2026-09-23T10:04:32: [Realtime] Socket.IO connection error: xhr poll error
2026-09-23T10:04:42: [Realtime] Socket.IO connection error: xhr poll error
2026-09-23T10:09:11: [Realtime] Socket.IO disconnected: transport close
2026-09-23T10:09:13: [Realtime] Socket.IO connection error: xhr poll error
2026-09-23T10:09:15: [Realtime] Socket.IO connection error: xhr poll error
2026-09-23T10:09:18: [Realtime] Socket.IO connection error: xhr poll error
2026-09-23T10:09:27: [Realtime] Socket.IO connection error: xhr poll error
2026-09-23T10:09:37: [Realtime] Socket.IO connection error: xhr poll error
2026-09-23T10:11:04: [Realtime] Socket.IO disconnected: transport close
2026-09-23T10:11:05: [Realtime] Socket.IO connection error: xhr poll error
2026-09-23T10:11:08: [Realtime] Socket.IO connection error: xhr poll error
2026-09-23T10:11:13: [Realtime] Socket.IO connection error: xhr poll error
2026-09-23T10:11:18: [Realtime] Socket.IO connection error: xhr poll error
2026-09-23T10:11:28: [Realtime] Socket.IO connection error: xhr poll error
2026-09-23T10:12:54: [Realtime] Socket.IO disconnected: transport close
2026-09-23T10:12:55: [Realtime] Socket.IO connection error: xhr poll error
2026-09-23T10:12:57: [Realtime] Socket.IO connection error: xhr poll error
2026-09-23T10:13:02: [Realtime] Socket.IO connection error: xhr poll error
2026-09-23T10:13:12: [Realtime] Socket.IO connection error: xhr poll error
2026-09-23T10:21:17: [Realtime] Socket.IO disconnected: transport close
2026-09-23T10:21:19: [Realtime] Socket.IO connection error: xhr poll error
2026-09-23T10:21:19: [Realtime] Socket.IO reconnect error: xhr poll error
2026-09-23T10:21:22: [Realtime] Socket.IO connection error: xhr poll error
2026-09-23T10:21:22: [Realtime] Socket.IO reconnect error: xhr poll error
2026-09-23T10:21:25: [Realtime] Socket.IO connection error: xhr poll error
2026-09-23T10:21:25: [Realtime] Socket.IO reconnect error: xhr poll error
2026-09-23T10:21:34: [Realtime] Socket.IO connection error: xhr poll error
2026-09-23T10:21:34: [Realtime] Socket.IO reconnect error: xhr poll error
2026-09-23T10:21:44: [Realtime] Socket.IO connection error: xhr poll error
2026-09-23T10:21:44: [Realtime] Socket.IO reconnect error: xhr poll error
2026-09-23T10:31:46: [Realtime] Socket.IO disconnected: transport close
2026-09-23T10:35:11: [Realtime] Socket.IO disconnected: transport close
2026-09-23T10:35:12: [Realtime] Socket.IO connection error: xhr poll error
2026-09-23T10:35:12: [Realtime] Socket.IO reconnect error: xhr poll error
2026-09-23T10:35:14: [Realtime] Socket.IO connection error: xhr poll error
2026-09-23T10:35:14: [Realtime] Socket.IO reconnect error: xhr poll error
2026-09-23T10:35:19: [Realtime] Socket.IO connection error: xhr poll error
2026-09-23T10:35:19: [Realtime] Socket.IO reconnect error: xhr poll error
2026-09-23T10:35:27: [Realtime] Socket.IO connection error: xhr poll error
2026-09-23T10:35:27: [Realtime] Socket.IO reconnect error: xhr poll error
2026-09-23T10:35:38: [Realtime] Socket.IO connection error: xhr poll error
2026-09-23T10:35:38: [Realtime] Socket.IO reconnect error: xhr poll error
2026-09-23T10:59:02: [Realtime] Socket.IO disconnected: transport close
2026-09-23T10:59:04: [Realtime] Socket.IO connection error: xhr poll error
2026-09-23T10:59:04: [Realtime] Socket.IO reconnect error: xhr poll error
2026-09-23T10:59:07: [Realtime] Socket.IO connection error: xhr poll error
2026-09-23T10:59:07: [Realtime] Socket.IO reconnect error: xhr poll error
2026-09-23T10:59:12: [Realtime] Socket.IO connection error: xhr poll error
2026-09-23T10:59:12: [Realtime] Socket.IO reconnect error: xhr poll error
2026-09-23T10:59:23: [Realtime] Socket.IO connection error: xhr poll error
2026-09-23T10:59:23: [Realtime] Socket.IO reconnect error: xhr poll error
2026-09-23T12:05:09: (node:23164) [DEP0060] DeprecationWarning: The `util._extend` API is deprecated. Please use Object.assign() instead.
2026-09-23T12:05:09: (Use `node --trace-deprecation ...` to show where the warning was created)
